// Jest Snapshot v1, https://goo.gl/fbAQLP

exports[`test the rendering of Home function Render home elements on page 1`] = `
Object {
  "asFragment": [Function],
  "baseElement": <body>
    <div>
      <div
        class="container_home"
      >
        <div
          class="maintopcontainer"
        >
          <div
            class="maintopcontainer_div1"
          >
            <button
              class="maintopcontainer_div1_btn1"
              type="button"
            >
              P
            </button>
            <span
              class="maintopcontainer_div1_span"
            >
              |
            </span>
            <button
              class="maintopcontainer_div1_btn2"
              type="button"
            >
              <svg
                class="maintopcontainer_div1_btn2_icon"
                fill="currentColor"
                height="1em"
                stroke="currentColor"
                stroke-width="0"
                viewBox="0 0 24 24"
                width="1em"
                xmlns="http://www.w3.org/2000/svg"
              >
                <path
                  d="M12 2C6.486 2 2 6.486 2 12s4.486 10 10 10 10-4.486 10-10S17.514 2 12 2zm0 18c-4.411 0-8-3.589-8-8s3.589-8 8-8 8 3.589 8 8-3.589 8-8 8z"
                />
                <path
                  d="M13 7h-2v5.414l3.293 3.293 1.414-1.414L13 11.586z"
                />
              </svg>
              0min
            </button>
            <span
              class="maintopcontainer_div1_span"
            >
              |
            </span>
            <svg
              class="maintopcontainer_div1_icon2"
              fill="none"
              height="1em"
              stroke="currentColor"
              stroke-width="0"
              viewBox="0 0 15 15"
              width="1em"
              xmlns="http://www.w3.org/2000/svg"
            >
              <path
                clip-rule="evenodd"
                d="M0.877014 7.49988C0.877014 3.84219 3.84216 0.877045 7.49985 0.877045C11.1575 0.877045 14.1227 3.84219 14.1227 7.49988C14.1227 11.1575 11.1575 14.1227 7.49985 14.1227C3.84216 14.1227 0.877014 11.1575 0.877014 7.49988ZM7.49985 1.82704C4.36683 1.82704 1.82701 4.36686 1.82701 7.49988C1.82701 8.97196 2.38774 10.3131 3.30727 11.3213C4.19074 9.94119 5.73818 9.02499 7.50023 9.02499C9.26206 9.02499 10.8093 9.94097 11.6929 11.3208C12.6121 10.3127 13.1727 8.97172 13.1727 7.49988C13.1727 4.36686 10.6328 1.82704 7.49985 1.82704ZM10.9818 11.9787C10.2839 10.7795 8.9857 9.97499 7.50023 9.97499C6.01458 9.97499 4.71624 10.7797 4.01845 11.9791C4.97952 12.7272 6.18765 13.1727 7.49985 13.1727C8.81227 13.1727 10.0206 12.727 10.9818 11.9787ZM5.14999 6.50487C5.14999 5.207 6.20212 4.15487 7.49999 4.15487C8.79786 4.15487 9.84999 5.207 9.84999 6.50487C9.84999 7.80274 8.79786 8.85487 7.49999 8.85487C6.20212 8.85487 5.14999 7.80274 5.14999 6.50487ZM7.49999 5.10487C6.72679 5.10487 6.09999 5.73167 6.09999 6.50487C6.09999 7.27807 6.72679 7.90487 7.49999 7.90487C8.27319 7.90487 8.89999 7.27807 8.89999 6.50487C8.89999 5.73167 8.27319 5.10487 7.49999 5.10487Z"
                fill="currentColor"
                fill-rule="evenodd"
              />
            </svg>
            <span
              class="maintopcontainer_div1_span"
            >
              |
            </span>
            <button
              class="maintopcontainer_div1_btn3"
              type="button"
            >
              <svg
                fill="currentColor"
                height="1em"
                stroke="currentColor"
                stroke-width="0"
                viewBox="0 0 16 16"
                width="1em"
                xmlns="http://www.w3.org/2000/svg"
              >
                <path
                  d="M2 13.5a.5.5 0 0 0 .5.5h6a.5.5 0 0 0 0-1H3.707L13.854 2.854a.5.5 0 0 0-.708-.708L3 12.293V7.5a.5.5 0 0 0-1 0v6z"
                  fill-rule="evenodd"
                />
              </svg>
              0
            </button>
          </div>
          <div
            class="maintopcontainer_div2"
          >
            <svg
              class="maintopcontainer_div2_icon1"
              fill="currentColor"
              height="1em"
              stroke="currentColor"
              stroke-width="0"
              viewBox="0 0 16 16"
              width="1em"
              xmlns="http://www.w3.org/2000/svg"
            >
              <path
                d="M2.5 8a5.5 5.5 0 0 1 8.25-4.764.5.5 0 0 0 .5-.866A6.5 6.5 0 1 0 14.5 8a.5.5 0 0 0-1 0 5.5 5.5 0 1 1-11 0z"
              />
              <path
                d="M15.354 3.354a.5.5 0 0 0-.708-.708L8 9.293 5.354 6.646a.5.5 0 1 0-.708.708l3 3a.5.5 0 0 0 .708 0l7-7z"
              />
            </svg>
            <svg
              class="maintopcontainer_div2_icon2"
              fill="currentColor"
              height="1em"
              stroke="currentColor"
              stroke-width="0"
              viewBox="0 0 24 24"
              width="1em"
              xmlns="http://www.w3.org/2000/svg"
            >
              <defs />
              <g
                id="Cloud"
              >
                <path
                  d="M17.1,19.4H9.646a7.492,7.492,0,0,1-7.588-7.046h0A7.4,7.4,0,0,1,9.452,4.6a7.434,7.434,0,0,1,7.136,5.447,4.731,4.731,0,0,1,4.092,1.441,4.664,4.664,0,0,1,1.26,3.529A4.789,4.789,0,0,1,17.1,19.4ZM3.057,12.309A6.493,6.493,0,0,0,9.646,18.4H17.1a3.787,3.787,0,0,0,3.839-3.453,3.7,3.7,0,0,0-4.5-3.86l-.2.046-.269-.127a.617.617,0,0,1-.273-.392A6.422,6.422,0,0,0,9.452,5.6a6.4,6.4,0,0,0-6.395,6.711Z"
                />
              </g>
            </svg>
            <svg
              class="maintopcontainer_div2_icon3"
              fill="currentColor"
              height="1em"
              stroke="currentColor"
              stroke-width="0"
              viewBox="0 0 16 16"
              width="1em"
              xmlns="http://www.w3.org/2000/svg"
            >
              <path
                d="M9.5 13a1.5 1.5 0 1 1-3 0 1.5 1.5 0 0 1 3 0zm0-5a1.5 1.5 0 1 1-3 0 1.5 1.5 0 0 1 3 0zm0-5a1.5 1.5 0 1 1-3 0 1.5 1.5 0 0 1 3 0z"
              />
            </svg>
          </div>
        </div>
        <div
          class="homemiddlecontainer"
        >
          <h2
            class="homemiddlecontainerh21"
          >
            Front-end developer test project
          </h2>
          <hr
            class="homemiddlecontainerhr1"
          />
          <p
            class="homemiddlecontainerp1"
          >
            Your goal is to make a page that looks exactly like this one, and has the ability to create H1 text simply by typing / then 1, then typing text, and hitting enter.
          </p>
        </div>
        <div
          class="endtopcontaainer"
        >
          <div />
          <input
            class="endtopcontaainer_input1"
            placeholder="Type / for bocks, @ to link docs or people"
            style="width: 100%; padding: 0.5rem 0px; outline: none; font-size: 16px; color: rgb(106, 112, 123);"
            type="text"
            value=""
          />
        </div>
      </div>
    </div>
  </body>,
  "container": <div>
    <div
      class="container_home"
    >
      <div
        class="maintopcontainer"
      >
        <div
          class="maintopcontainer_div1"
        >
          <button
            class="maintopcontainer_div1_btn1"
            type="button"
          >
            P
          </button>
          <span
            class="maintopcontainer_div1_span"
          >
            |
          </span>
          <button
            class="maintopcontainer_div1_btn2"
            type="button"
          >
            <svg
              class="maintopcontainer_div1_btn2_icon"
              fill="currentColor"
              height="1em"
              stroke="currentColor"
              stroke-width="0"
              viewBox="0 0 24 24"
              width="1em"
              xmlns="http://www.w3.org/2000/svg"
            >
              <path
                d="M12 2C6.486 2 2 6.486 2 12s4.486 10 10 10 10-4.486 10-10S17.514 2 12 2zm0 18c-4.411 0-8-3.589-8-8s3.589-8 8-8 8 3.589 8 8-3.589 8-8 8z"
              />
              <path
                d="M13 7h-2v5.414l3.293 3.293 1.414-1.414L13 11.586z"
              />
            </svg>
            0min
          </button>
          <span
            class="maintopcontainer_div1_span"
          >
            |
          </span>
          <svg
            class="maintopcontainer_div1_icon2"
            fill="none"
            height="1em"
            stroke="currentColor"
            stroke-width="0"
            viewBox="0 0 15 15"
            width="1em"
            xmlns="http://www.w3.org/2000/svg"
          >
            <path
              clip-rule="evenodd"
              d="M0.877014 7.49988C0.877014 3.84219 3.84216 0.877045 7.49985 0.877045C11.1575 0.877045 14.1227 3.84219 14.1227 7.49988C14.1227 11.1575 11.1575 14.1227 7.49985 14.1227C3.84216 14.1227 0.877014 11.1575 0.877014 7.49988ZM7.49985 1.82704C4.36683 1.82704 1.82701 4.36686 1.82701 7.49988C1.82701 8.97196 2.38774 10.3131 3.30727 11.3213C4.19074 9.94119 5.73818 9.02499 7.50023 9.02499C9.26206 9.02499 10.8093 9.94097 11.6929 11.3208C12.6121 10.3127 13.1727 8.97172 13.1727 7.49988C13.1727 4.36686 10.6328 1.82704 7.49985 1.82704ZM10.9818 11.9787C10.2839 10.7795 8.9857 9.97499 7.50023 9.97499C6.01458 9.97499 4.71624 10.7797 4.01845 11.9791C4.97952 12.7272 6.18765 13.1727 7.49985 13.1727C8.81227 13.1727 10.0206 12.727 10.9818 11.9787ZM5.14999 6.50487C5.14999 5.207 6.20212 4.15487 7.49999 4.15487C8.79786 4.15487 9.84999 5.207 9.84999 6.50487C9.84999 7.80274 8.79786 8.85487 7.49999 8.85487C6.20212 8.85487 5.14999 7.80274 5.14999 6.50487ZM7.49999 5.10487C6.72679 5.10487 6.09999 5.73167 6.09999 6.50487C6.09999 7.27807 6.72679 7.90487 7.49999 7.90487C8.27319 7.90487 8.89999 7.27807 8.89999 6.50487C8.89999 5.73167 8.27319 5.10487 7.49999 5.10487Z"
              fill="currentColor"
              fill-rule="evenodd"
            />
          </svg>
          <span
            class="maintopcontainer_div1_span"
          >
            |
          </span>
          <button
            class="maintopcontainer_div1_btn3"
            type="button"
          >
            <svg
              fill="currentColor"
              height="1em"
              stroke="currentColor"
              stroke-width="0"
              viewBox="0 0 16 16"
              width="1em"
              xmlns="http://www.w3.org/2000/svg"
            >
              <path
                d="M2 13.5a.5.5 0 0 0 .5.5h6a.5.5 0 0 0 0-1H3.707L13.854 2.854a.5.5 0 0 0-.708-.708L3 12.293V7.5a.5.5 0 0 0-1 0v6z"
                fill-rule="evenodd"
              />
            </svg>
            0
          </button>
        </div>
        <div
          class="maintopcontainer_div2"
        >
          <svg
            class="maintopcontainer_div2_icon1"
            fill="currentColor"
            height="1em"
            stroke="currentColor"
            stroke-width="0"
            viewBox="0 0 16 16"
            width="1em"
            xmlns="http://www.w3.org/2000/svg"
          >
            <path
              d="M2.5 8a5.5 5.5 0 0 1 8.25-4.764.5.5 0 0 0 .5-.866A6.5 6.5 0 1 0 14.5 8a.5.5 0 0 0-1 0 5.5 5.5 0 1 1-11 0z"
            />
            <path
              d="M15.354 3.354a.5.5 0 0 0-.708-.708L8 9.293 5.354 6.646a.5.5 0 1 0-.708.708l3 3a.5.5 0 0 0 .708 0l7-7z"
            />
          </svg>
          <svg
            class="maintopcontainer_div2_icon2"
            fill="currentColor"
            height="1em"
            stroke="currentColor"
            stroke-width="0"
            viewBox="0 0 24 24"
            width="1em"
            xmlns="http://www.w3.org/2000/svg"
          >
            <defs />
            <g
              id="Cloud"
            >
              <path
                d="M17.1,19.4H9.646a7.492,7.492,0,0,1-7.588-7.046h0A7.4,7.4,0,0,1,9.452,4.6a7.434,7.434,0,0,1,7.136,5.447,4.731,4.731,0,0,1,4.092,1.441,4.664,4.664,0,0,1,1.26,3.529A4.789,4.789,0,0,1,17.1,19.4ZM3.057,12.309A6.493,6.493,0,0,0,9.646,18.4H17.1a3.787,3.787,0,0,0,3.839-3.453,3.7,3.7,0,0,0-4.5-3.86l-.2.046-.269-.127a.617.617,0,0,1-.273-.392A6.422,6.422,0,0,0,9.452,5.6a6.4,6.4,0,0,0-6.395,6.711Z"
              />
            </g>
          </svg>
          <svg
            class="maintopcontainer_div2_icon3"
            fill="currentColor"
            height="1em"
            stroke="currentColor"
            stroke-width="0"
            viewBox="0 0 16 16"
            width="1em"
            xmlns="http://www.w3.org/2000/svg"
          >
            <path
              d="M9.5 13a1.5 1.5 0 1 1-3 0 1.5 1.5 0 0 1 3 0zm0-5a1.5 1.5 0 1 1-3 0 1.5 1.5 0 0 1 3 0zm0-5a1.5 1.5 0 1 1-3 0 1.5 1.5 0 0 1 3 0z"
            />
          </svg>
        </div>
      </div>
      <div
        class="homemiddlecontainer"
      >
        <h2
          class="homemiddlecontainerh21"
        >
          Front-end developer test project
        </h2>
        <hr
          class="homemiddlecontainerhr1"
        />
        <p
          class="homemiddlecontainerp1"
        >
          Your goal is to make a page that looks exactly like this one, and has the ability to create H1 text simply by typing / then 1, then typing text, and hitting enter.
        </p>
      </div>
      <div
        class="endtopcontaainer"
      >
        <div />
        <input
          class="endtopcontaainer_input1"
          placeholder="Type / for bocks, @ to link docs or people"
          style="width: 100%; padding: 0.5rem 0px; outline: none; font-size: 16px; color: rgb(106, 112, 123);"
          type="text"
          value=""
        />
      </div>
    </div>
  </div>,
  "debug": [Function],
  "findAllByAltText": [Function],
  "findAllByDisplayValue": [Function],
  "findAllByLabelText": [Function],
  "findAllByPlaceholderText": [Function],
  "findAllByRole": [Function],
  "findAllByTestId": [Function],
  "findAllByText": [Function],
  "findAllByTitle": [Function],
  "findByAltText": [Function],
  "findByDisplayValue": [Function],
  "findByLabelText": [Function],
  "findByPlaceholderText": [Function],
  "findByRole": [Function],
  "findByTestId": [Function],
  "findByText": [Function],
  "findByTitle": [Function],
  "getAllByAltText": [Function],
  "getAllByDisplayValue": [Function],
  "getAllByLabelText": [Function],
  "getAllByPlaceholderText": [Function],
  "getAllByRole": [Function],
  "getAllByTestId": [Function],
  "getAllByText": [Function],
  "getAllByTitle": [Function],
  "getByAltText": [Function],
  "getByDisplayValue": [Function],
  "getByLabelText": [Function],
  "getByPlaceholderText": [Function],
  "getByRole": [Function],
  "getByTestId": [Function],
  "getByText": [Function],
  "getByTitle": [Function],
  "queryAllByAltText": [Function],
  "queryAllByDisplayValue": [Function],
  "queryAllByLabelText": [Function],
  "queryAllByPlaceholderText": [Function],
  "queryAllByRole": [Function],
  "queryAllByTestId": [Function],
  "queryAllByText": [Function],
  "queryAllByTitle": [Function],
  "queryByAltText": [Function],
  "queryByDisplayValue": [Function],
  "queryByLabelText": [Function],
  "queryByPlaceholderText": [Function],
  "queryByRole": [Function],
  "queryByTestId": [Function],
  "queryByText": [Function],
  "queryByTitle": [Function],
  "rerender": [Function],
  "unmount": [Function],
}
`;
